// Jest Snapshot v1, https://goo.gl/fbAQLP

exports[`<OpenStatus /> doesn't blow up 1`] = `
<div
  className="open-status open-status--normal"
>
  <span
    className="open-status__indicator open-status__indicator--open"
  />
  <span
    className="open-status__label"
  >
    Open Now
  </span>
</div>
`;
